// Jest Snapshot v1, https://goo.gl/fbAQLP

exports[`Tests in <GifGridItem /> it should show the component correctly 1`] = `
<div
  className="card animate__animated animate__fadeIn"
>
  <img
    alt="a title"
    src="a url"
  />
  <p>
     
    a title
     
  </p>
</div>
`;
